  lossguide fold 0 auc=0.6851 it=481
  lossguide fold 1 auc=0.6577 it=206
  lossguide fold 2 auc=0.6843 it=364
  lossguide fold 3 auc=0.6553 it=163
  lossguide fold 4 auc=0.6863 it=344
=== lossguide OOF 0.67338 dt=25.0s ===
   {"oof": 0.673378873860641, "spearman_h": 0.9459968055729546, "max(h,new)": 0.6916416334084082, "0.7h+0.3new": 0.6917054978229872, "0.85h+0.15new": 0.6941515521714796, "0.75h+0.15new+0.1lgb": 0.6949192686128818}
  plain_d8 fold 0 auc=0.6978 it=745
  plain_d8 fold 1 auc=0.6758 it=437
  plain_d8 fold 2 auc=0.6908 it=796
  plain_d8 fold 3 auc=0.6663 it=320
  plain_d8 fold 4 auc=0.6945 it=798
=== plain_d8 OOF 0.68510 dt=113.9s ===
   {"oof": 0.6850959414176975, "spearman_h": 0.952655623985624, "max(h,new)": 0.6947176988867738, "0.7h+0.3new": 0.6945637724617639, "0.85h+0.15new": 0.6954695425208128, "0.75h+0.15new+0.1lgb": 0.6961801865169309}
  extra_x fold 0 auc=0.6940 it=624
  extra_x fold 1 auc=0.6771 it=312
  extra_x fold 2 auc=0.6903 it=760
  extra_x fold 3 auc=0.6647 it=459
  extra_x fold 4 auc=0.6878 it=642
=== extra_x OOF 0.68223 dt=162.6s ===
   {"oof": 0.6822264463461295, "spearman_h": 0.9413601998765616, "max(h,new)": 0.6922853777509217, "0.7h+0.3new": 0.6941434416147393, "0.85h+0.15new": 0.6952975788147082, "0.75h+0.15new+0.1lgb": 0.69604297878557}
  lr02 fold 0 auc=0.6978 it=1197
  lr02 fold 1 auc=0.6805 it=618
  lr02 fold 2 auc=0.6973 it=1025
  lr02 fold 3 auc=0.6648 it=574
  lr02 fold 4 auc=0.6985 it=1072
=== lr02 OOF 0.68770 dt=214.4s ===
   {"oof": 0.6876966934404604, "spearman_h": 0.961305076939419, "max(h,new)": 0.694532723459273, "0.7h+0.3new": 0.695003036234186, "0.85h+0.15new": 0.6956427501773375, "0.75h+0.15new+0.1lgb": 0.6963582953381118}
DONE [
  {
    "name": "lossguide",
    "oof": 0.673378873860641,
    "spearman_h": 0.9459968055729546,
    "max(h,new)": 0.6916416334084082,
    "0.7h+0.3new": 0.6917054978229872,
    "0.85h+0.15new": 0.6941515521714796,
    "0.75h+0.15new+0.1lgb": 0.6949192686128818
  },
  {
    "name": "plain_d8",
    "oof": 0.6850959414176975,
    "spearman_h": 0.952655623985624,
    "max(h,new)": 0.6947176988867738,
    "0.7h+0.3new": 0.6945637724617639,
    "0.85h+0.15new": 0.6954695425208128,
    "0.75h+0.15new+0.1lgb": 0.6961801865169309
  },
  {
    "name": "extra_x",
    "oof": 0.6822264463461295,
    "spearman_h": 0.9413601998765616,
    "max(h,new)": 0.6922853777509217,
    "0.7h+0.3new": 0.6941434416147393,
    "0.85h+0.15new": 0.6952975788147082,
    "0.75h+0.15new+0.1lgb": 0.69604297878557
  },
  {
    "name": "lr02",
    "oof": 0.6876966934404604,
    "spearman_h": 0.961305076939419,
    "max(h,new)": 0.694532723459273,
    "0.7h+0.3new": 0.695003036234186,
    "0.85h+0.15new": 0.6956427501773375,
    "0.75h+0.15new+0.1lgb": 0.6963582953381118
  }
]
